// Jest Snapshot v1, https://goo.gl/fbAQLP

exports[`Pruebas con MultipleCustomHooks Debe de levantar MultipleCustomHooks  1`] = `
<div>
  <h1>
    BreakingBad Quotes
  </h1>
  <div
    className="alert alert-info text-center"
  >
    Loading....
  </div>
  <button
    className="btn btn-primary"
    onClick={[Function]}
  >
    Siguiente frase
  </button>
</div>
`;
